1758219416780	geckodriver	INFO	Listening on 127.0.0.1:64464
1758219419865	mozrunner::runner	INFO	Running command: "C:\\Program Files\\Mozilla Firefox\\firefox.exe" "--marionette" "--remote-debugging-port" "64465" "--remote-allow-hosts" "localhost" "-no-remote" "-profile" "C:\\Users\\James\\AppData\\Local\\Temp\\rust_mozprofilefo1301"
console.warn: services.settings: Ignoring preference override of remote settings server
console.warn: services.settings: Allow by setting MOZ_REMOTE_SETTINGS_DEVTOOLS=1 in the environment
Dynamically enable window occlusion 0
1758219420496	Marionette	INFO	Marionette enabled
1758219420669	Marionette	INFO	Listening on port 64652
Read port: 64652
WebDriver BiDi listening on ws://127.0.0.1:64465
1758219420782	RemoteAgent	WARN	TLS certificate errors will be ignored for this session
JavaScript warning: https://www.amazon.com.br/, line 4090: WEBGL_debug_renderer_info is deprecated in Firefox and will be removed. Please use RENDERER.
[Child 22136, MediaDecoderStateMachine #1] WARNING: Decoder=157db10da00 state=DECODING_METADATA Decode metadata failed, shutting down decoder: file /builds/worker/checkouts/gecko/dom/media/MediaDecoderStateMachine.cpp:372
[Child 22136, MediaDecoderStateMachine #1] WARNING: Decoder=157db10da00 Decode error: NS_ERROR_DOM_MEDIA_METADATA_ERR (0x806e0006) - static MP4Metadata::ResultAndByteBuffer __cdecl mozilla::MP4Metadata::Metadata(ByteStream *): Cannot parse metadata: file /builds/worker/checkouts/gecko/dom/media/MediaDecoderStateMachineBase.cpp:168
JavaScript warning: https://m.media-amazon.com/images/I/A1zG+6fI3qL.js, line 11: Script terminated by timeout at:
clearEvents@https://m.media-amazon.com/images/I/A1zG+6fI3qL.js:11:66839
sendBeaconEvents@https://m.media-amazon.com/images/I/A1zG+6fI3qL.js:11:66616
prepareSendEvents/<@https://m.media-amazon.com/images/I/A1zG+6fI3qL.js:11:62312

JavaScript warning: https://www.amazon.com.br/Eletronicos-e-Tecnologia/b/?ie=UTF8&node=16209062011&ref_=nav_cs_electronics, line 5837: WEBGL_debug_renderer_info is deprecated in Firefox and will be removed. Please use RENDERER.
1758219448515	Marionette	INFO	Stopped listening on port 64652
Dynamically enable window occlusion 1
JavaScript warning: https://m.media-amazon.com/images/I/11zuylp74DL._RC|11Y+5x+kkTL.js,51LPrROZ2JL.js,11EeeaacI2L.js,11GgN1+C7hL.js,01+z+uIeJ-L.js,01VRMV3FBdL.js,21NadQlXUWL.js,01vRf9id2EL.js,11a7qqY8xXL.js,11oPtw-q-gL.js,51C4kaFbiAL.js,11FhdH2HZwL.js,11wb9K3sw0L.js,11BrgrMAHUL.js,11GPhx42StL.js,210X-JWUe-L.js,01Svfxfy8OL.js,615UZg04yvL.js,01ikBbTAneL.js,31KAF--uG1L.js,01qXJuwGmxL.js,01WlsjNmqIL.js,11F929pmpYL.js,31vxRYDelFL.js,01rpauTep4L.js,31wjiT+nvTL.js,011FfPwYqHL.js,21vGxgxnRsL.js,01ayO27tRRL.js,21kN0q4IA-L.js,11vb6P5C5AL.js,01oxHlhDd9L.js_.js?AUIClients/AmazonUI#372963-T1, line 597: Script terminated by timeout at:
k/<@https://m.media-amazon.com/images/I/11zuylp74DL._RC|11Y+5x+kkTL.js,51LPrROZ2JL.js,11EeeaacI2L.js,11GgN1+C7hL.js,01+z+uIeJ-L.js,01VRMV3FBdL.js,21NadQlXUWL.js,01vRf9id2EL.js,11a7qqY8xXL.js,11oPtw-q-gL.js,51C4kaFbiAL.js,11FhdH2HZwL.js,11wb9K3sw0L.js,11BrgrMAHUL.js,11GPhx42StL.js,210X-JWUe-L.js,01Svfxfy8OL.js,615UZg04yvL.js,01ikBbTAneL.js,31KAF--uG1L.js,01qXJuwGmxL.js,01WlsjNmqIL.js,11F929pmpYL.js,31vxRYDelFL.js,01rpauTep4L.js,31wjiT+nvTL.js,011FfPwYqHL.js,21vGxgxnRsL.js,01ayO27tRRL.js,21kN0q4IA-L.js,11vb6P5C5AL.js,01oxHlhDd9L.js_.js?AUIClients/AmazonUI#372963-T1:597:49

console.error: "Failed to fetch https://spocs.getpocket.com/user:" "NetworkError when attempting to fetch resource."
console.error: (new TypeError("NetworkError when attempting to fetch resource.", ""))
console.error: (new Error("OHTTP was configured for https://ads.mozilla.org/v1/delete_user but we couldn't fetch a valid config", "moz-src:///browser/modules/ContextId.sys.mjs", 234))
console.warn: TopSitesFeed: Failed to fetch data from MARS server: NetworkError when attempting to fetch resource.
JavaScript error: resource://gre/modules/ObliviousHTTP.sys.mjs, line 105: NS_ERROR_XPC_CANT_CONVERT_PRIMITIVE_TO_ARRAY: Cannot convert primitive JavaScript value into an array arg 2 [nsIObliviousHttpService.newChannel]
JavaScript error: resource://services-settings/RemoteSettingsClient.sys.mjs, line 102: Error: Unknown callback
